C:\Users\Mercado\Documents\MCUXpressoIDE_11.4.0_6237\workspace\frdmk64f_lwip_mqtt_freertos\CMSIS/core_cm4.h:1679:22:__NVIC_EnableIRQ	16	static
C:\Users\Mercado\Documents\MCUXpressoIDE_11.4.0_6237\workspace\frdmk64f_lwip_mqtt_freertos\drivers/fsl_common_arm.h:488:24:EnableIRQ	24	static
C:\Users\Mercado\Documents\MCUXpressoIDE_11.4.0_6237\workspace\frdmk64f_lwip_mqtt_freertos\drivers/fsl_gpio.h:221:20:GPIO_PortToggle	16	static
C:\Users\Mercado\Documents\MCUXpressoIDE_11.4.0_6237\workspace\frdmk64f_lwip_mqtt_freertos\drivers/fsl_port.h:443:20:PORT_SetPinInterruptConfig	24	static
../source/lwip_mqtt_freertos.c:142:6:PORTA_IRQHandler	8	static
../source/lwip_mqtt_freertos.c:205:13:mqtt_topic_subscribed_cb	24	static
../source/lwip_mqtt_freertos.c:222:13:mqtt_incoming_publish_cb	32	static
../source/lwip_mqtt_freertos.c:245:13:mqtt_incoming_data_cb	32	static
../source/lwip_mqtt_freertos.c:272:13:mqtt_subscribe_topics	48	static
../source/lwip_mqtt_freertos.c:300:13:mqtt_connection_cb	32	static
../source/lwip_mqtt_freertos.c:346:13:connect_to_mqtt	24	static
../source/lwip_mqtt_freertos.c:359:13:mqtt_message_published_cb	24	static
../source/lwip_mqtt_freertos.c:376:13:publish_message	48	static
../source/lwip_mqtt_freertos.c:391:13:app_thread	40	static
../source/lwip_mqtt_freertos.c:482:13:generate_client_id	48	static
../source/lwip_mqtt_freertos.c:505:13:stack_init	56	static
../source/lwip_mqtt_freertos.c:559:5:main	32	static
../source/lwip_mqtt_freertos.c:606:6:check_button	8	static
../source/lwip_mqtt_freertos.c:616:6:choose_topic	16	static
../source/lwip_mqtt_freertos.c:642:6:water_the_plants	40	static
../source/lwip_mqtt_freertos.c:649:6:uv_light_toggle	40	static
../source/lwip_mqtt_freertos.c:656:6:display_humidity	40	static
